// Jest Snapshot v1, https://goo.gl/fbAQLP

exports[`SearchResults renders correctly 1`] = `
<DocumentFragment>
  <div
    class="MuiPaper-root MuiCard-root MuiPaper-elevation1 MuiPaper-rounded"
    id="card-1"
    style="margin-top: 2vh; padding: 1vh;"
  >
    <div
      class="MuiCardHeader-root"
      data-testid="card-title-1"
    >
      <div
        class="MuiCardHeader-content"
      >
        <span
          class="MuiTypography-root MuiCardHeader-title MuiTypography-h5 MuiTypography-displayBlock"
        >
          ReallyBigIssue
        </span>
      </div>
    </div>
    <div
      class="MuiCardContent-root"
    >
      <p
        class="MuiTypography-root MuiTypography-body2 MuiTypography-colorTextSecondary"
      >
        This is a reallyBigIssue
      </p>
    </div>
    <div
      class="MuiCardContent-root"
    />
  </div>
  <div
    class="MuiPaper-root MuiCard-root MuiPaper-elevation1 MuiPaper-rounded"
    id="card-2"
    style="margin-top: 2vh; padding: 1vh;"
  >
    <div
      class="MuiCardHeader-root"
      data-testid="card-title-2"
    >
      <div
        class="MuiCardHeader-content"
      >
        <span
          class="MuiTypography-root MuiCardHeader-title MuiTypography-h5 MuiTypography-displayBlock"
        >
          ReallySmallIssue
        </span>
      </div>
    </div>
    <div
      class="MuiCardContent-root"
    >
      <p
        class="MuiTypography-root MuiTypography-body2 MuiTypography-colorTextSecondary"
      >
        This is a reallySmallIssue
      </p>
    </div>
    <div
      class="MuiCardContent-root"
    />
  </div>
</DocumentFragment>
`;
