// Jest Snapshot v1, https://goo.gl/fbAQLP

exports[`SearchPage renders correctly 1`] = `
<DocumentFragment>
  <div>
    <div
      class="MuiPaper-root MuiPaper-elevation3 MuiPaper-rounded"
      style="margin: 5vh; padding: 3vh;"
    >
      <h4
        class="MuiTypography-root MuiTypography-h4"
        style="margin-bottom: 1vh;"
      >
        Github facebook/react repository issues
      </h4>
      <h6
        class="MuiTypography-root MuiTypography-subtitle2"
      >
        Press: "ESC" key to unselect
      </h6>
      <h6
        class="MuiTypography-root MuiTypography-subtitle2"
      >
        Press: "UP & DOWN" keys to select an issue.
      </h6>
      <h6
        class="MuiTypography-root MuiTypography-subtitle2"
      >
        Press: "ENTER" key to select a word from autocomplete.
      </h6>
      <header
        class="MuiPaper-root MuiAppBar-root MuiAppBar-positionStatic MuiAppBar-colorPrimary MuiPaper-elevation4"
        style="margin-top: 2vh;"
      >
        <div
          class="MuiTabs-root"
        >
          <div
            class="MuiTabs-scroller MuiTabs-fixed"
            style="overflow: hidden;"
          >
            <div
              aria-label="tabs"
              class="MuiTabs-flexContainer"
              role="tablist"
            >
              <button
                aria-selected="true"
                class="MuiButtonBase-root MuiTab-root MuiTab-textColorInherit Mui-selected"
                role="tab"
                tabindex="0"
                type="button"
              >
                <span
                  class="MuiTab-wrapper"
                >
                  Search without Redux
                </span>
                <span
                  class="MuiTouchRipple-root"
                />
              </button>
              <button
                aria-selected="false"
                class="MuiButtonBase-root MuiTab-root MuiTab-textColorInherit"
                role="tab"
                tabindex="-1"
                type="button"
              >
                <span
                  class="MuiTab-wrapper"
                >
                  Search with Redux
                </span>
                <span
                  class="MuiTouchRipple-root"
                />
              </button>
            </div>
            <span
              class="PrivateTabIndicator-root-1 PrivateTabIndicator-colorSecondary-3 MuiTabs-indicator"
              style="left: 0px; width: 0px;"
            />
          </div>
        </div>
      </header>
      <div
        aria-labelledby="tab-0"
        id="tabpanel-0"
        role="tabpanel"
      >
        <div
          class="MuiBox-root MuiBox-root-5"
        >
          <div>
            <div
              aria-expanded="false"
              class="MuiAutocomplete-root Mui-focused"
              role="combobox"
            >
              <div
                class="MuiFormControl-root MuiTextField-root MuiFormControl-marginNormal MuiFormControl-fullWidth"
              >
                <label
                  class="MuiFormLabel-root MuiInputLabel-root MuiInputLabel-formControl MuiInputLabel-animated MuiInputLabel-shrink MuiInputLabel-outlined Mui-focused Mui-focused"
                  data-shrink="true"
                  for="search-without-redux"
                  id="search-without-redux-label"
                >
                  Search title & body
                </label>
                <div
                  class="MuiInputBase-root MuiOutlinedInput-root MuiAutocomplete-inputRoot MuiInputBase-fullWidth Mui-focused Mui-focused MuiInputBase-formControl MuiInputBase-adornedEnd MuiOutlinedInput-adornedEnd"
                >
                  <input
                    aria-autocomplete="list"
                    aria-invalid="false"
                    autocapitalize="none"
                    autocomplete="off"
                    class="MuiInputBase-input MuiOutlinedInput-input MuiAutocomplete-input MuiAutocomplete-inputFocused MuiInputBase-inputAdornedEnd MuiOutlinedInput-inputAdornedEnd MuiInputBase-inputTypeSearch"
                    id="search-without-redux"
                    spellcheck="false"
                    type="search"
                    value=""
                  />
                  <div
                    class="MuiAutocomplete-endAdornment"
                  />
                  <fieldset
                    aria-hidden="true"
                    class="PrivateNotchedOutline-root-6 MuiOutlinedInput-notchedOutline"
                  >
                    <legend
                      class="PrivateNotchedOutline-legendLabelled-8 PrivateNotchedOutline-legendNotched-9"
                    >
                      <span>
                        Search title & body
                      </span>
                    </legend>
                  </fieldset>
                </div>
              </div>
            </div>
            <div
              class="MuiCircularProgress-root MuiCircularProgress-colorPrimary MuiCircularProgress-indeterminate"
              role="progressbar"
              style="width: 40px; height: 40px;"
            >
              <svg
                class="MuiCircularProgress-svg"
                viewBox="22 22 44 44"
              >
                <circle
                  class="MuiCircularProgress-circle MuiCircularProgress-circleIndeterminate"
                  cx="44"
                  cy="44"
                  fill="none"
                  r="20.2"
                  stroke-width="3.6"
                />
              </svg>
            </div>
          </div>
        </div>
      </div>
      <div
        aria-labelledby="tab-1"
        hidden=""
        id="tabpanel-1"
        role="tabpanel"
      />
    </div>
  </div>
</DocumentFragment>
`;
